[debug] [2025-04-05T14:44:07.553Z] ----------------------------------------------------------------------
[debug] [2025-04-05T14:44:07.557Z] Command:       C:\Program Files\nodejs\node.exe C:\Users\MegaS\AppData\Roaming\npm\node_modules\firebase-tools\lib\bin\firebase.js init
[debug] [2025-04-05T14:44:07.557Z] CLI Version:   14.1.0
[debug] [2025-04-05T14:44:07.557Z] Platform:      win32
[debug] [2025-04-05T14:44:07.558Z] Node Version:  v20.10.0
[debug] [2025-04-05T14:44:07.558Z] Time:          Sat Apr 05 2025 16:44:07 GMT+0200 (heure d’été d’Europe centrale)
[debug] [2025-04-05T14:44:07.558Z] ----------------------------------------------------------------------
[debug] 
[debug] [2025-04-05T14:44:07.873Z] > command requires scopes: ["email","openid","https://www.googleapis.com/auth/cloudplatformprojects.readonly","https://www.googleapis.com/auth/firebase","https://www.googleapis.com/auth/cloud-platform"]
[debug] [2025-04-05T14:44:07.874Z] > authorizing via signed-in user (officielexom@gmail.com)
[info] 
     ######## #### ########  ######## ########     ###     ######  ########
     ##        ##  ##     ## ##       ##     ##  ##   ##  ##       ##
     ######    ##  ########  ######   ########  #########  ######  ######
     ##        ##  ##    ##  ##       ##     ## ##     ##       ## ##
     ##       #### ##     ## ######## ########  ##     ##  ######  ########

You're about to initialize a Firebase project in this directory:

  C:\Users\MegaS\Desktop\JeromeWeb\ProjectMake\flowpulse

Before we get started, keep in mind:

  * You are initializing within an existing Firebase project directory

[info] 
=== Project Setup
[info] 
[info] First, let's associate this project directory with a Firebase project.
[info] You can create multiple project aliases by running firebase use --add, 
[info] but for now we'll just set up a default project.
[info] 
[debug] [2025-04-05T14:48:00.287Z] Checked if tokens are valid: false, expires at: 1630918648740
[debug] [2025-04-05T14:48:00.287Z] Checked if tokens are valid: false, expires at: 1630918648740
[debug] [2025-04-05T14:48:00.288Z] > refreshing access token with scopes: []
[debug] [2025-04-05T14:48:00.291Z] >>> [apiv2][query] POST https://www.googleapis.com/oauth2/v3/token [none]
[debug] [2025-04-05T14:48:00.291Z] >>> [apiv2][body] POST https://www.googleapis.com/oauth2/v3/token [omitted]
[debug] [2025-04-05T14:48:00.455Z] <<< [apiv2][status] POST https://www.googleapis.com/oauth2/v3/token 400
[debug] [2025-04-05T14:48:00.455Z] <<< [apiv2][body] POST https://www.googleapis.com/oauth2/v3/token [omitted]
[debug] [2025-04-05T14:48:00.456Z] >>> [apiv2][query] GET https://firebase.googleapis.com/v1beta1/projects pageSize=100
[debug] [2025-04-05T14:48:00.543Z] <<< [apiv2][status] GET https://firebase.googleapis.com/v1beta1/projects 401
[debug] [2025-04-05T14:48:00.543Z] <<< [apiv2][body] GET https://firebase.googleapis.com/v1beta1/projects [omitted]
[debug] [2025-04-05T14:48:00.543Z] Got a 401 Unauthenticated error for a call that required authentication. Refreshing tokens.
[debug] [2025-04-05T14:48:00.543Z] Checked if tokens are valid: false, expires at: 1630918648740
[debug] [2025-04-05T14:48:00.543Z] Checked if tokens are valid: false, expires at: 1630918648740
[debug] [2025-04-05T14:48:00.543Z] > refreshing access token with scopes: []
[debug] [2025-04-05T14:48:00.544Z] >>> [apiv2][query] POST https://www.googleapis.com/oauth2/v3/token [none]
[debug] [2025-04-05T14:48:00.544Z] >>> [apiv2][body] POST https://www.googleapis.com/oauth2/v3/token [omitted]
[debug] [2025-04-05T14:48:00.579Z] <<< [apiv2][status] POST https://www.googleapis.com/oauth2/v3/token 400
[debug] [2025-04-05T14:48:00.579Z] <<< [apiv2][body] POST https://www.googleapis.com/oauth2/v3/token [omitted]
[debug] [2025-04-05T14:48:00.580Z] Request to https://firebase.googleapis.com/v1beta1/projects?pageSize=100 had HTTP Error: 401, Request had invalid authentication credentials. Expected OAuth 2 access token, login cookie or other valid authentication credential. See https://developers.google.com/identity/sign-in/web/devconsole-project.
[debug] [2025-04-05T14:48:00.657Z] FirebaseError: Request to https://firebase.googleapis.com/v1beta1/projects?pageSize=100 had HTTP Error: 401, Request had invalid authentication credentials. Expected OAuth 2 access token, login cookie or other valid authentication credential. See https://developers.google.com/identity/sign-in/web/devconsole-project.
    at responseToError (C:\Users\MegaS\AppData\Roaming\npm\node_modules\firebase-tools\lib\responseToError.js:52:12)
    at RetryOperation._fn (C:\Users\MegaS\AppData\Roaming\npm\node_modules\firebase-tools\lib\apiv2.js:312:77)
    at process.processTicksAndRejections (node:internal/process/task_queues:95:5)
[error] 
[error] Error: Failed to list Firebase projects. See firebase-debug.log for more info.
